{
  "manifest": "data\\processed\\polyphonic_v2_1_gaps\\manifest.csv",
  "split": {
    "seed": 42,
    "group_key": "case-sensitive scorehash, falling back to id",
    "counts": {
      "train": 240,
      "validation": 30,
      "test": 30
    },
    "validation_groups": [
      "-D1wc",
      "4y1wc",
      "6f1wc",
      "Cpswc",
      "D41wc",
      "F41wc",
      "Fc1wc",
      "Jf1wc",
      "Kf1wc",
      "Kk1wc",
      "Qc1wc",
      "TM1wc",
      "Wy1wc",
      "XM1wc",
      "by1wc",
      "cD1wc",
      "ff1wc",
      "fw1wc",
      "h41wc",
      "jk1wc",
      "jw1wc",
      "kM1wc",
      "lV1wc",
      "lk1wc",
      "mk1wc",
      "n41wc",
      "nw1wc",
      "sV1wc",
      "v41wc",
      "w41wc"
    ],
    "official_test_groups": [
      "-k1wc",
      "1M1wc",
      "1w1wc",
      "3Sswc",
      "441wc",
      "4w1wc",
      "5N1wc",
      "BSswc",
      "GD1wc",
      "Jw1wc",
      "Lf1wc",
      "Ny1wc",
      "VD1wc",
      "Vpswc",
      "W41wc",
      "XD1wc",
      "Zpswc",
      "bV1wc",
      "bc1wc",
      "c41wc",
      "cw1wc",
      "gk1wc",
      "hf1wc",
      "mf1wc",
      "pM1wc",
      "rc1wc",
      "sy1wc",
      "vpswc",
      "xf1wc",
      "y41wc"
    ],
    "group_overlap": [],
    "unassigned_excluded": 101
  },
  "harmonic_supervision": {
    "available": false,
    "reason": "Mixed polyphonic audio cannot identify per-note partials without source separation.",
    "training_behavior": "Masked; GuitarSet retains full 20-partial supervision."
  },
  "totals": {
    "frames": 10303136,
    "valid_frames": 9791248,
    "invalid_frames": 511888,
    "active_frames": 8881556,
    "polyphonic_frames": 6338344,
    "onset_frames": 438986,
    "outside_scope_frames": 447026,
    "over_six_frames": 17644,
    "notes": 279391
  }
}
