{
  "examples": 60000,
  "checkpoints": [
    {
      "checkpoint": "runs\\polyphonic\\polyphonic_v2_2_guitarset_gaps_guitar_techs_20260722_024644\\epochs\\epoch-01.keras",
      "thresholds": "runs\\polyphonic\\polyphonic_v2_2_guitarset_gaps_guitar_techs_20260722_024644\\checkpoint_thresholds\\epoch-01.json",
      "frame_threshold": 0.33999999999999997,
      "onset_threshold": 0.29,
      "frame_f1": 0.2275319726049506,
      "frame_precision": 0.15745784695201037,
      "frame_recall": 0.4099927765321726,
      "onset_f1": 0.021449079547373757,
      "onset_precision": 0.014680383770662352,
      "onset_recall": 0.03979943591350674,
      "valid_partials": 894900,
      "harmonic_amplitude_mae": 0.053519950727734945,
      "harmonic_offset_normalized_mae": 0.16638083023035255
    },
    {
      "checkpoint": "runs\\polyphonic\\polyphonic_v2_2_guitarset_gaps_guitar_techs_20260722_024644\\epochs\\epoch-02.keras",
      "thresholds": "runs\\polyphonic\\polyphonic_v2_2_guitarset_gaps_guitar_techs_20260722_024644\\checkpoint_thresholds\\epoch-02.json",
      "frame_threshold": 0.37499999999999994,
      "onset_threshold": 0.43999999999999995,
      "frame_f1": 0.27519419705602066,
      "frame_precision": 0.21683043696689122,
      "frame_recall": 0.3765490586039007,
      "onset_f1": 0.0617314930991217,
      "onset_precision": 0.0514752040175769,
      "onset_recall": 0.0770918207458477,
      "valid_partials": 894900,
      "harmonic_amplitude_mae": 0.04819325134093195,
      "harmonic_offset_normalized_mae": 0.1620830358376092
    },
    {
      "checkpoint": "runs\\polyphonic\\polyphonic_v2_2_guitarset_gaps_guitar_techs_20260722_024644\\epochs\\epoch-03.keras",
      "thresholds": "runs\\polyphonic\\polyphonic_v2_2_guitarset_gaps_guitar_techs_20260722_024644\\checkpoint_thresholds\\epoch-03.json",
      "frame_threshold": 0.44499999999999995,
      "onset_threshold": 0.5499999999999999,
      "frame_f1": 0.34593117522688654,
      "frame_precision": 0.32083794491763307,
      "frame_recall": 0.3752826064523392,
      "onset_f1": 0.07338567537253644,
      "onset_precision": 0.07508196721311475,
      "onset_recall": 0.07176433719837041,
      "valid_partials": 894900,
      "harmonic_amplitude_mae": 0.046368444623700975,
      "harmonic_offset_normalized_mae": 0.16065906206764716
    },
    {
      "checkpoint": "runs\\polyphonic\\polyphonic_v2_2_guitarset_gaps_guitar_techs_20260722_024644\\epochs\\epoch-04.keras",
      "thresholds": "runs\\polyphonic\\polyphonic_v2_2_guitarset_gaps_guitar_techs_20260722_024644\\checkpoint_thresholds\\epoch-04.json",
      "frame_threshold": 0.48999999999999994,
      "onset_threshold": 0.5349999999999999,
      "frame_f1": 0.4194515281848285,
      "frame_precision": 0.42554567658103815,
      "frame_recall": 0.41352946142949615,
      "onset_f1": 0.08515057113187953,
      "onset_precision": 0.0808450704225352,
      "onset_recall": 0.08994045753682231,
      "valid_partials": 894900,
      "harmonic_amplitude_mae": 0.04540142840680523,
      "harmonic_offset_normalized_mae": 0.1573283723013967
    },
    {
      "checkpoint": "runs\\polyphonic\\polyphonic_v2_2_guitarset_gaps_guitar_techs_20260722_024644\\epochs\\epoch-05.keras",
      "thresholds": "runs\\polyphonic\\polyphonic_v2_2_guitarset_gaps_guitar_techs_20260722_024644\\checkpoint_thresholds\\epoch-05.json",
      "frame_threshold": 0.5499999999999999,
      "onset_threshold": 0.595,
      "frame_f1": 0.4638210966021807,
      "frame_precision": 0.4827218862870825,
      "frame_recall": 0.4463446438455116,
      "onset_f1": 0.09620174346201743,
      "onset_precision": 0.09557686359418496,
      "onset_recall": 0.0968348480100282,
      "valid_partials": 894900,
      "harmonic_amplitude_mae": 0.04499574411247067,
      "harmonic_offset_normalized_mae": 0.15697843463137287
    },
    {
      "checkpoint": "runs\\polyphonic\\polyphonic_v2_2_guitarset_gaps_guitar_techs_20260722_024644\\epochs\\epoch-06.keras",
      "thresholds": "runs\\polyphonic\\polyphonic_v2_2_guitarset_gaps_guitar_techs_20260722_024644\\checkpoint_thresholds\\epoch-06.json",
      "frame_threshold": 0.5299999999999999,
      "onset_threshold": 0.585,
      "frame_f1": 0.49041779113859185,
      "frame_precision": 0.5110767540736822,
      "frame_recall": 0.47136410968413744,
      "onset_f1": 0.09557912133314969,
      "onset_precision": 0.08525798525798525,
      "onset_recall": 0.10874334064556565,
      "valid_partials": 894900,
      "harmonic_amplitude_mae": 0.04419105399346296,
      "harmonic_offset_normalized_mae": 0.15524814860846747
    },
    {
      "checkpoint": "runs\\polyphonic\\polyphonic_v2_2_guitarset_gaps_guitar_techs_20260722_024644\\epochs\\epoch-07.keras",
      "thresholds": "runs\\polyphonic\\polyphonic_v2_2_guitarset_gaps_guitar_techs_20260722_024644\\checkpoint_thresholds\\epoch-07.json",
      "frame_threshold": 0.5399999999999999,
      "onset_threshold": 0.625,
      "frame_f1": 0.520156123137723,
      "frame_precision": 0.5433847348682261,
      "frame_recall": 0.4988320496824489,
      "onset_f1": 0.09763880025526483,
      "onset_precision": 0.09944751381215469,
      "onset_recall": 0.09589470385459103,
      "valid_partials": 894900,
      "harmonic_amplitude_mae": 0.04399109711978992,
      "harmonic_offset_normalized_mae": 0.15457328159591457
    },
    {
      "checkpoint": "runs\\polyphonic\\polyphonic_v2_2_guitarset_gaps_guitar_techs_20260722_024644\\epochs\\epoch-08.keras",
      "thresholds": "runs\\polyphonic\\polyphonic_v2_2_guitarset_gaps_guitar_techs_20260722_024644\\checkpoint_thresholds\\epoch-08.json",
      "frame_threshold": 0.5349999999999999,
      "onset_threshold": 0.6649999999999999,
      "frame_f1": 0.5381221891912494,
      "frame_precision": 0.5466909309146525,
      "frame_recall": 0.5298179123239866,
      "onset_f1": 0.10376896720509055,
      "onset_precision": 0.10823689584751532,
      "onset_recall": 0.0996552804763397,
      "valid_partials": 894900,
      "harmonic_amplitude_mae": 0.04368347283914404,
      "harmonic_offset_normalized_mae": 0.1539453002275559
    }
  ],
  "pareto_candidates": [
    "runs\\polyphonic\\polyphonic_v2_2_guitarset_gaps_guitar_techs_20260722_024644\\epochs\\epoch-08.keras"
  ]
}
