{
  "output_dir": "artifacts\\guitar_midi_polyphonic_v2_2_0",
  "parity": {
    "frame": {
      "maximum_absolute_error": 0.001060783863067627,
      "mean_absolute_error": 6.562948692589998e-05
    },
    "onset": {
      "maximum_absolute_error": 0.0006681978702545166,
      "mean_absolute_error": 2.6980333132087253e-05
    },
    "harmonic_amplitude": {
      "maximum_absolute_error": 0.0010960102081298828,
      "mean_absolute_error": 1.6335650798282586e-05
    },
    "harmonic_offset_cents": {
      "maximum_absolute_error": 0.04599404335021973,
      "mean_absolute_error": 0.003420778550207615
    },
    "frame_decision_agreement": 1.0,
    "frame_decision_mismatches": 0,
    "onset_decision_agreement": 1.0,
    "onset_decision_mismatches": 0,
    "data_split": "validation",
    "examples": 96,
    "policy": {
      "maximum_absolute_error_by_output": {
        "frame": 0.002,
        "onset": 0.002,
        "harmonic_amplitude": 0.002,
        "harmonic_offset_cents": 0.1
      },
      "minimum_frame_decision_agreement": 0.999,
      "minimum_onset_decision_agreement": 0.999
    },
    "passed": true
  },
  "latency": {
    "hop_budget_ms": 5.804988662131519,
    "data_split": "validation",
    "tflite": {
      "protocol": {
        "kind": "saturated_multisession_smoke",
        "sessions": 3,
        "repeats_per_session": 600,
        "warmup_calls": 100,
        "thread_counts": [
          1,
          2,
          3,
          4
        ],
        "thread_order_rotated": true,
        "selection_uses_worst_session": true,
        "portable_process_priority": "normal",
        "portable_affinity": "os_default"
      },
      "eligibility": {
        "p95_limit_ms": 4.353741496598639,
        "p99_limit_ms": 5.804988662131519,
        "maximum_over_hop_rate": 0.001,
        "maximum_single_inference_ms": 11.609977324263038,
        "maximum_consecutive_hop_misses": 1,
        "maximum_p95_inter_session_variation": 0.15
      },
      "threads": {
        "1": {
          "sessions": [
            {
              "samples": 600,
              "mean_ms": 1.2703663333333333,
              "p50_ms": 1.1762,
              "p95_ms": 1.7023649999999992,
              "p99_ms": 2.5367179999999987,
              "max_ms": 3.3702,
              "over_hop_rate": 0.0,
              "longest_consecutive_hop_misses": 0
            },
            {
              "samples": 600,
              "mean_ms": 1.2673603333333334,
              "p50_ms": 1.17095,
              "p95_ms": 1.7979949999999978,
              "p99_ms": 2.5859859999999997,
              "max_ms": 3.5767,
              "over_hop_rate": 0.0,
              "longest_consecutive_hop_misses": 0
            },
            {
              "samples": 600,
              "mean_ms": 1.2594509999999999,
              "p50_ms": 1.1654,
              "p95_ms": 1.7720199999999995,
              "p99_ms": 2.393475,
              "max_ms": 2.7735,
              "over_hop_rate": 0.0,
              "longest_consecutive_hop_misses": 0
            }
          ],
          "mean_ms": 1.2703663333333333,
          "p50_ms": 1.1762,
          "p95_ms": 1.7979949999999978,
          "p99_ms": 2.5859859999999997,
          "max_ms": 3.5767,
          "over_hop_rate": 0.0,
          "longest_consecutive_hop_misses": 0,
          "p95_inter_session_variation": 0.05617479212742191,
          "eligible": true
        },
        "2": {
          "sessions": [
            {
              "samples": 600,
              "mean_ms": 1.2225564999999998,
              "p50_ms": 1.09185,
              "p95_ms": 1.8870449999999999,
              "p99_ms": 2.3859239999999975,
              "max_ms": 4.0969,
              "over_hop_rate": 0.0,
              "longest_consecutive_hop_misses": 0
            },
            {
              "samples": 600,
              "mean_ms": 1.1266778333333332,
              "p50_ms": 0.9446,
              "p95_ms": 1.8341949999999994,
              "p99_ms": 2.364623,
              "max_ms": 2.9877,
              "over_hop_rate": 0.0,
              "longest_consecutive_hop_misses": 0
            },
            {
              "samples": 600,
              "mean_ms": 1.0936843333333335,
              "p50_ms": 0.9325,
              "p95_ms": 1.7086299999999996,
              "p99_ms": 2.3127429999999998,
              "max_ms": 3.2528,
              "over_hop_rate": 0.0,
              "longest_consecutive_hop_misses": 0
            }
          ],
          "mean_ms": 1.2225564999999998,
          "p50_ms": 1.09185,
          "p95_ms": 1.8870449999999999,
          "p99_ms": 2.3859239999999975,
          "max_ms": 4.0969,
          "over_hop_rate": 0.0,
          "longest_consecutive_hop_misses": 0,
          "p95_inter_session_variation": 0.10441991537079429,
          "eligible": true
        },
        "3": {
          "sessions": [
            {
              "samples": 600,
              "mean_ms": 1.3851743333333333,
              "p50_ms": 1.3004,
              "p95_ms": 1.877915,
              "p99_ms": 2.749452999999997,
              "max_ms": 5.2333,
              "over_hop_rate": 0.0,
              "longest_consecutive_hop_misses": 0
            },
            {
              "samples": 600,
              "mean_ms": 1.2634231666666669,
              "p50_ms": 1.19125,
              "p95_ms": 1.7731149999999993,
              "p99_ms": 2.2936939999999986,
              "max_ms": 3.1934,
              "over_hop_rate": 0.0,
              "longest_consecutive_hop_misses": 0
            },
            {
              "samples": 600,
              "mean_ms": 1.2825773333333332,
              "p50_ms": 1.2098,
              "p95_ms": 1.8087849999999992,
              "p99_ms": 2.5068409999999997,
              "max_ms": 3.6584,
              "over_hop_rate": 0.0,
              "longest_consecutive_hop_misses": 0
            }
          ],
          "mean_ms": 1.3851743333333333,
          "p50_ms": 1.3004,
          "p95_ms": 1.877915,
          "p99_ms": 2.749452999999997,
          "max_ms": 5.2333,
          "over_hop_rate": 0.0,
          "longest_consecutive_hop_misses": 0,
          "p95_inter_session_variation": 0.05910502138891201,
          "eligible": true
        },
        "4": {
          "sessions": [
            {
              "samples": 600,
              "mean_ms": 1.1303386666666668,
              "p50_ms": 1.0787,
              "p95_ms": 1.5128199999999998,
              "p99_ms": 2.002270999999999,
              "max_ms": 2.8782,
              "over_hop_rate": 0.0,
              "longest_consecutive_hop_misses": 0
            },
            {
              "samples": 600,
              "mean_ms": 1.111176,
              "p50_ms": 1.0581,
              "p95_ms": 1.42663,
              "p99_ms": 2.1281339999999997,
              "max_ms": 5.5596,
              "over_hop_rate": 0.0,
              "longest_consecutive_hop_misses": 0
            },
            {
              "samples": 600,
              "mean_ms": 1.1221738333333333,
              "p50_ms": 1.0467,
              "p95_ms": 1.4775449999999997,
              "p99_ms": 2.0778779999999997,
              "max_ms": 3.5375,
              "over_hop_rate": 0.0,
              "longest_consecutive_hop_misses": 0
            }
          ],
          "mean_ms": 1.1303386666666668,
          "p50_ms": 1.0787,
          "p95_ms": 1.5128199999999998,
          "p99_ms": 2.1281339999999997,
          "max_ms": 5.5596,
          "over_hop_rate": 0.0,
          "longest_consecutive_hop_misses": 0,
          "p95_inter_session_variation": 0.06041510412650776,
          "eligible": true
        }
      },
      "recommended_threads": 4,
      "recommended_p95_ms": 1.5128199999999998,
      "meets_hop_budget_p95": true
    },
    "passed": true
  }
}
{
  "output_dir": "artifacts\\guitar_midi_polyphonic_v2_2_0",
  "parity": {
    "frame": {
      "maximum_absolute_error": 0.001060783863067627,
      "mean_absolute_error": 6.562948692589998e-05
    },
    "onset": {
      "maximum_absolute_error": 0.0006681978702545166,
      "mean_absolute_error": 2.6980333132087253e-05
    },
    "harmonic_amplitude": {
      "maximum_absolute_error": 0.0010960102081298828,
      "mean_absolute_error": 1.6335650798282586e-05
    },
    "harmonic_offset_cents": {
      "maximum_absolute_error": 0.04599404335021973,
      "mean_absolute_error": 0.003420778550207615
    },
    "frame_decision_agreement": 1.0,
    "frame_decision_mismatches": 0,
    "onset_decision_agreement": 1.0,
    "onset_decision_mismatches": 0,
    "data_split": "validation",
    "examples": 96,
    "policy": {
      "maximum_absolute_error_by_output": {
        "frame": 0.002,
        "onset": 0.002,
        "harmonic_amplitude": 0.002,
        "harmonic_offset_cents": 0.1
      },
      "minimum_frame_decision_agreement": 0.999,
      "minimum_onset_decision_agreement": 0.999
    },
    "passed": true
  },
  "latency": {
    "hop_budget_ms": 5.804988662131519,
    "data_split": "validation",
    "tflite": {
      "protocol": {
        "kind": "saturated_multisession_smoke",
        "sessions": 3,
        "repeats_per_session": 600,
        "warmup_calls": 100,
        "thread_counts": [
          1,
          2,
          3,
          4
        ],
        "thread_order_rotated": true,
        "selection_uses_worst_session": true,
        "portable_process_priority": "normal",
        "portable_affinity": "os_default",
        "thread_selection": "smallest_eligible_to_limit_live_contention"
      },
      "eligibility": {
        "p95_limit_ms": 4.353741496598639,
        "p99_limit_ms": 5.804988662131519,
        "maximum_over_hop_rate": 0.001,
        "maximum_single_inference_ms": 11.609977324263038,
        "maximum_consecutive_hop_misses": 1,
        "maximum_p95_inter_session_variation": 0.15
      },
      "threads": {
        "1": {
          "sessions": [
            {
              "samples": 600,
              "mean_ms": 2.0361418333333337,
              "p50_ms": 1.3998499999999998,
              "p95_ms": 4.017079999999999,
              "p99_ms": 5.769591999999999,
              "max_ms": 7.5547,
              "over_hop_rate": 0.01,
              "longest_consecutive_hop_misses": 2
            },
            {
              "samples": 600,
              "mean_ms": 1.6938561666666667,
              "p50_ms": 1.27755,
              "p95_ms": 3.161359999999999,
              "p99_ms": 4.619074999999995,
              "max_ms": 7.1418,
              "over_hop_rate": 0.0033333333333333335,
              "longest_consecutive_hop_misses": 2
            },
            {
              "samples": 600,
              "mean_ms": 2.427443166666667,
              "p50_ms": 2.20045,
              "p95_ms": 4.51192,
              "p99_ms": 5.050796,
              "max_ms": 5.3833,
              "over_hop_rate": 0.0,
              "longest_consecutive_hop_misses": 0
            }
          ],
          "mean_ms": 2.427443166666667,
          "p50_ms": 2.20045,
          "p95_ms": 4.51192,
          "p99_ms": 5.769591999999999,
          "max_ms": 7.5547,
          "over_hop_rate": 0.01,
          "longest_consecutive_hop_misses": 2,
          "p95_inter_session_variation": 0.4272085431586411,
          "eligible": false
        },
        "2": {
          "sessions": [
            {
              "samples": 600,
              "mean_ms": 1.7739550000000002,
              "p50_ms": 1.51925,
              "p95_ms": 3.399095,
              "p99_ms": 4.712797999999997,
              "max_ms": 5.6866,
              "over_hop_rate": 0.0,
              "longest_consecutive_hop_misses": 0
            },
            {
              "samples": 600,
              "mean_ms": 1.897630666666667,
              "p50_ms": 2.02285,
              "p95_ms": 2.800905,
              "p99_ms": 3.367753999999999,
              "max_ms": 5.0208,
              "over_hop_rate": 0.0,
              "longest_consecutive_hop_misses": 0
            },
            {
              "samples": 600,
              "mean_ms": 2.7172971666666665,
              "p50_ms": 2.4391999999999996,
              "p95_ms": 4.803725,
              "p99_ms": 7.138093999999998,
              "max_ms": 11.2558,
              "over_hop_rate": 0.03,
              "longest_consecutive_hop_misses": 1
            }
          ],
          "mean_ms": 2.7172971666666665,
          "p50_ms": 2.4391999999999996,
          "p95_ms": 4.803725,
          "p99_ms": 7.138093999999998,
          "max_ms": 11.2558,
          "over_hop_rate": 0.03,
          "longest_consecutive_hop_misses": 1,
          "p95_inter_session_variation": 0.715061738973653,
          "eligible": false
        },
        "3": {
          "sessions": [
            {
              "samples": 600,
              "mean_ms": 1.4710083333333333,
              "p50_ms": 1.2843499999999999,
              "p95_ms": 2.447219999999999,
              "p99_ms": 3.150505,
              "max_ms": 3.7592,
              "over_hop_rate": 0.0,
              "longest_consecutive_hop_misses": 0
            },
            {
              "samples": 600,
              "mean_ms": 1.5730978333333334,
              "p50_ms": 1.3914,
              "p95_ms": 2.597485,
              "p99_ms": 3.4677679999999973,
              "max_ms": 4.7172,
              "over_hop_rate": 0.0,
              "longest_consecutive_hop_misses": 0
            },
            {
              "samples": 600,
              "mean_ms": 1.6380401666666666,
              "p50_ms": 1.5654,
              "p95_ms": 2.590249999999999,
              "p99_ms": 3.416075999999999,
              "max_ms": 4.7338,
              "over_hop_rate": 0.0,
              "longest_consecutive_hop_misses": 0
            }
          ],
          "mean_ms": 1.6380401666666666,
          "p50_ms": 1.5654,
          "p95_ms": 2.597485,
          "p99_ms": 3.4677679999999973,
          "max_ms": 4.7338,
          "over_hop_rate": 0.0,
          "longest_consecutive_hop_misses": 0,
          "p95_inter_session_variation": 0.061402325904496145,
          "eligible": true
        },
        "4": {
          "sessions": [
            {
              "samples": 600,
              "mean_ms": 1.3131671666666667,
              "p50_ms": 1.19355,
              "p95_ms": 1.8935799999999996,
              "p99_ms": 2.334656,
              "max_ms": 3.407,
              "over_hop_rate": 0.0,
              "longest_consecutive_hop_misses": 0
            },
            {
              "samples": 600,
              "mean_ms": 1.3931708333333335,
              "p50_ms": 1.22485,
              "p95_ms": 2.2617999999999996,
              "p99_ms": 3.10443,
              "max_ms": 3.7953,
              "over_hop_rate": 0.0,
              "longest_consecutive_hop_misses": 0
            },
            {
              "samples": 600,
              "mean_ms": 1.3408553333333335,
              "p50_ms": 1.20805,
              "p95_ms": 2.0873649999999992,
              "p99_ms": 3.265873999999999,
              "max_ms": 4.7094,
              "over_hop_rate": 0.0,
              "longest_consecutive_hop_misses": 0
            }
          ],
          "mean_ms": 1.3931708333333335,
          "p50_ms": 1.22485,
          "p95_ms": 2.2617999999999996,
          "p99_ms": 3.265873999999999,
          "max_ms": 4.7094,
          "over_hop_rate": 0.0,
          "longest_consecutive_hop_misses": 0,
          "p95_inter_session_variation": 0.19445706017173822,
          "eligible": false
        }
      },
      "recommended_threads": 3,
      "recommended_p95_ms": 2.597485,
      "meets_hop_budget_p95": true
    },
    "passed": true
  }
}
