recording 1/3 gaps_poly_mix 336_-D1wc
recording 2/3 guitar_techs_poly_directinput gtech_p2_chords_drop3_7_directinput
recording 3/3 guitar_techs_poly_micamp gtech_p2_chords_drop3_m7_micamp
{
  "output": "C:\\Users\\user\\Desktop\\midi\\runs\\polyphonic\\polyphonic_v2_2_guitarset_gaps_guitar_techs_20260722_024644\\reports\\validation_live_input_level_v2_2_1_tflite_3_min0_weak12.json",
  "recordings": 3,
  "baseline_onset": {
    "reference_notes": 1523,
    "estimated_notes": 2674,
    "matched_notes": 294,
    "false_positive_notes": 2380,
    "missing_notes": 1229,
    "precision": 0.1099476439790576,
    "recall": 0.19304005252790546,
    "f1": 0.14010007147962833,
    "onset_error_mean_ms": 30.956999749342753,
    "onset_error_p95_absolute_ms": 48.027776065056635
  },
  "automatic_onset": {
    "reference_notes": 1523,
    "estimated_notes": 2888,
    "matched_notes": 300,
    "false_positive_notes": 2588,
    "missing_notes": 1223,
    "precision": 0.1038781163434903,
    "recall": 0.1969796454366382,
    "f1": 0.13602357742008614,
    "onset_error_mean_ms": 30.837862930424368,
    "onset_error_p95_absolute_ms": 48.37687499722776
  },
  "automatic_minus_baseline": {
    "onset": {
      "estimated_notes": 214,
      "matched_notes": 6,
      "false_positive_notes": 208,
      "missing_notes": -6,
      "precision": -0.006069527635567298,
      "recall": 0.0039395929087327475,
      "f1": -0.004076494059542191
    },
    "onset_offset": {
      "estimated_notes": 209,
      "matched_notes": 3,
      "false_positive_notes": 206,
      "missing_notes": -3,
      "precision": -6.38443185799302e-05,
      "recall": 0.0019933554817275732,
      "f1": 0.0004501410549705917
    },
    "retriggers": 9,
    "diagnostics": {
      "false_positive_notes": 208,
      "missing_notes": -6,
      "false_positive_without_active_reference": 40,
      "same_pitch_during_reference": 23,
      "harmonic_interval_false_positives": -2,
      "fragmented_reference_notes": 13,
      "excess_fragments": 21,
      "maximum_fragments_for_one_reference": 2,
      "matched_onset_timing": {
        "median_ms": -0.5559987005558895,
        "p95_absolute_ms": 0.349098932171124
      },
      "matched_offset_timing": {
        "median_ms": -2.510765663885195,
        "p95_absolute_ms": 38.896212588633716
      },
      "false_positive_interval_counts": {
        "-24": 0,
        "-23": 0,
        "-22": 1,
        "-21": 1,
        "-20": 2,
        "-19": 3,
        "-18": 0,
        "-17": 1,
        "-16": 1,
        "-15": 1,
        "-14": -1,
        "-13": 0,
        "-12": 4,
        "-11": 5,
        "-10": 5,
        "-9": 1,
        "-8": 0,
        "-7": 5,
        "-6": 0,
        "-5": -1,
        "-4": 8,
        "-3": 12,
        "-2": 21,
        "-1": 22,
        "0": 23,
        "1": 28,
        "2": 1,
        "3": 9,
        "4": 7,
        "5": 2,
        "6": 1,
        "7": 7,
        "8": 4,
        "9": 0,
        "10": 3,
        "11": 0,
        "12": -3,
        "13": 0,
        "14": 0,
        "15": -1,
        "16": 1,
        "17": 1,
        "18": -1,
        "19": -4,
        "20": 0,
        "22": 1,
        "23": 0,
        "24": -2,
        "25": 0
      }
    }
  }
}
