recording 1/3 gaps_poly_mix 336_-D1wc
recording 2/3 guitar_techs_poly_directinput gtech_p2_chords_drop3_7_directinput
recording 3/3 guitar_techs_poly_micamp gtech_p2_chords_drop3_m7_micamp
{
  "output": "C:\\Users\\user\\Desktop\\midi\\runs\\polyphonic\\polyphonic_v2_2_guitarset_gaps_guitar_techs_20260722_024644\\reports\\validation_live_input_level_v2_2_1.json",
  "recordings": 3,
  "baseline_onset": {
    "reference_notes": 1523,
    "estimated_notes": 3136,
    "matched_notes": 296,
    "false_positive_notes": 2840,
    "missing_notes": 1227,
    "precision": 0.09438775510204081,
    "recall": 0.1943532501641497,
    "f1": 0.1270658939686628,
    "onset_error_mean_ms": 30.158325177301425,
    "onset_error_p95_absolute_ms": 49.16279714934679
  },
  "automatic_onset": {
    "reference_notes": 1523,
    "estimated_notes": 3191,
    "matched_notes": 297,
    "false_positive_notes": 2894,
    "missing_notes": 1226,
    "precision": 0.09307427138827953,
    "recall": 0.19500984898227183,
    "f1": 0.12600763682647434,
    "onset_error_mean_ms": 30.105791200198386,
    "onset_error_p95_absolute_ms": 48.616881009400004
  },
  "automatic_minus_baseline": {
    "onset": {
      "estimated_notes": 55,
      "matched_notes": 1,
      "false_positive_notes": 54,
      "missing_notes": -1,
      "precision": -0.0013134837137612765,
      "recall": 0.0006565988181221338,
      "f1": -0.0010582571421884623
    },
    "onset_offset": {
      "estimated_notes": 55,
      "matched_notes": 6,
      "false_positive_notes": 49,
      "missing_notes": -6,
      "precision": 0.0016549455100122144,
      "recall": 0.003939592908732765,
      "f1": 0.002340259039420145
    },
    "retriggers": -1
  }
}
