recording 1/1 gaps_poly_mix 336_-D1wc
{
  "output": "C:\\Users\\user\\Desktop\\midi\\runs\\polyphonic\\polyphonic_v2_2_guitarset_gaps_guitar_techs_20260722_024644\\reports\\validation_live_input_level_v2_2_1_tflite_1.json",
  "recordings": 1,
  "baseline_onset": {
    "reference_notes": 1107,
    "estimated_notes": 1784,
    "matched_notes": 270,
    "false_positive_notes": 1514,
    "missing_notes": 837,
    "precision": 0.15134529147982062,
    "recall": 0.24390243902439024,
    "f1": 0.18678657903839502,
    "onset_error_mean_ms": 30.804448704741205,
    "onset_error_p95_absolute_ms": 49.26432914906975
  },
  "automatic_onset": {
    "reference_notes": 1107,
    "estimated_notes": 1758,
    "matched_notes": 274,
    "false_positive_notes": 1484,
    "missing_notes": 833,
    "precision": 0.1558589306029579,
    "recall": 0.24751580849141824,
    "f1": 0.1912739965095986,
    "onset_error_mean_ms": 31.12614236060448,
    "onset_error_p95_absolute_ms": 48.417676134174314
  },
  "automatic_minus_baseline": {
    "onset": {
      "estimated_notes": -26,
      "matched_notes": 4,
      "false_positive_notes": -30,
      "missing_notes": -4,
      "precision": 0.004513639123137292,
      "recall": 0.0036133694670280048,
      "f1": 0.00448741747120357
    },
    "onset_offset": {
      "estimated_notes": -29,
      "matched_notes": 2,
      "false_positive_notes": -31,
      "missing_notes": -2,
      "precision": 0.0014750188300276176,
      "recall": 0.001836547291092748,
      "f1": 0.0016582475597250214
    },
    "retriggers": 0,
    "diagnostics": {
      "false_positive_notes": -30,
      "missing_notes": -4,
      "false_positive_without_active_reference": -9,
      "same_pitch_during_reference": -1,
      "harmonic_interval_false_positives": 18,
      "fragmented_reference_notes": 10,
      "excess_fragments": 11,
      "maximum_fragments_for_one_reference": 0,
      "matched_onset_timing": {
        "median_ms": -1.0159144758321546,
        "p95_absolute_ms": -0.8466530148954377
      },
      "matched_offset_timing": {
        "median_ms": -1.0609855565375597,
        "p95_absolute_ms": -18.463236560077462
      },
      "false_positive_interval_counts": {
        "-31": -2,
        "-27": -3,
        "-24": -2,
        "-23": 2,
        "-21": 0,
        "-19": -9,
        "-18": 0,
        "-17": -3,
        "-16": -6,
        "-15": 1,
        "-14": -2,
        "-13": -2,
        "-12": -2,
        "-11": 0,
        "-10": -1,
        "-9": -5,
        "-8": 2,
        "-7": 3,
        "-6": -3,
        "-5": -1,
        "-4": 3,
        "-3": 1,
        "-2": -3,
        "-1": 0,
        "0": -1,
        "1": -6,
        "2": 2,
        "3": 8,
        "4": -6,
        "5": -2,
        "6": -1,
        "7": 8,
        "8": 5,
        "9": -1,
        "10": 4,
        "11": -1,
        "12": 3,
        "13": 0,
        "14": 0,
        "15": -3,
        "16": -4,
        "17": 0,
        "18": 0,
        "19": 6,
        "20": 0,
        "23": -1,
        "24": 1,
        "25": 0
      }
    }
  }
}
